[   0.000] Lnuversion 4.15.0-101-generic (buidd@lgw01amd6-003) gcverson.5.0(Untu 7.5.0-3unu1~1.0) #102-Ubuntu SMP Mn May 11 10:07:26 UTC 2020 (Ubuntu 4.15.0-101.102-generic 4.15.18)
[    0.000000] Command line: BOOT_IMAGE=/boot/vmlinuz-4.15.0-101-generic root=UUID=80e728dc-c0e0-45d9-aba4-8e531d47f319 ro console=tty1 console=ttyS0
[    0.000000] KERNEL supported cpus:
[    0.000000]   Intel GenuineIntel
[    0.000000]   AMD AuthenticAMD
[    0.000000]   Centaur CentaurHauls
[    0.000000] x86/fpu: Supporting XSAVE feature 0x001: 'x87 floating point registers'
[    0.000000] x86/fpu: Supporting XSAVE feature 0x002: 'SSE registers'
[    0.000000] x86/fpu: Supporting XSAVE feature 0x004: 'AVX registers'
[    0.000000] x86/fpu: xstate_offset[2]:  576, xstate_sizes[2]:  256
[    0.000000] x86/fpu: Enabled xstate features 0x7, context size is 832 bytes, using 'standard' format.
[    0.000000] e820: BIOS-provided physical RAM map:
[    0.000000] BIOS-e820: [mem 0x0000000000000000-0x000000000009fbff] usable

[    0.000000] BIOS-e820: [mem 0x000000000009fc00-0x000000000009ffff] reserved
[    0.000000] BIOS-e820: [mem 0x00000000000f0000-0x00000000000fffff] reserved
[    0.000000] BIOS-e820: [mem 0x0000000000100000-0x000000003ffeffff] usable
[    0.000000] BIOS-e820: [mem 0x000000003fff0000-0x000000003fffffff] ACPI data
[    0.000000] BIOS-e820: [mem 0x00000000fec00000-0x00000000fec00fff] reserved
[    0.000000] BIOS-e820: [mem 0x00000000fee00000-0x00000000fee00fff] reserved
[    0.000000] BIOS-e820: [mem 0x00000000fffc0000-0x00000000ffffffff] reserved
[    0.000000] NX (Execute Disable) protection: active
[    0.000000] SMBIOS 2.5 present.
[    0.000000] DMI: innotek GmbH VirtualBox/VirtualBox, BIOS VirtualBox 12/01/2006
[    0.000000] Hypervisor detected: KVM
[    0.000000] e820: last_pfn = 0x3fff0 max_arch_pfn = 0x400000000
[    0.000000] MTRR: Disabled
[    0.000000] x86/PAT: MTRRs disabled, skipping PAT initialization too.
[    0.000000] CPU MTRRs all blank - virtualized system.
[    0.000000] x86/PAT: Configuration [0-7]: WB  WT  UC- UC  WB  WT  UC- UC  
[    0.000000] found SMP MP-table at [mem 0x0009fff0-0x0009ffff]
[    0.000000] Scanning 1 areas for low memory corruption
[    0.000000] RAMDISK: [mem 0x35963000-0x36ca8fff]
[    0.000000] ACPI: Early table checksum verification disabled
[    0.000000] ACPI: RSDP 0x00000000000E0000 000024 (v02 VBOX  )
[    0.000000] PI: XSDT 00000003FFF030000C 01 VBO  BOXXDT000001AS  00000061)
[  000000]CPI: FCP0x000000003FFF00F0 0000F4 (04VBOX  VBXFACP 00000001AS 00000)
[    0.0000] ACP: SDT x000003F0470 0021F (022 VOX   VBOXBIOS 00000002 INTL 20100528)
[    0.000000] ACPI: FACS 0x000000003FFF0200 000040
[    0.000000] ACPI: FACS 0x000000003FFF0200 000040
[    0.000000] ACPI: APIC 0x000000003FFF0240 00005C (v02 VBOX   VBOXAPIC 00000001 ASL  00000061)
[    0.000000] ACPI: SSDT 0x000000003FFF02A0 0001CC (v01 VBOX   VBOXCPUT 00000002 INTL 20100528)
[    0.000000] No NUMA configuration found
[    0.000000] Faking a node at [mem 0x0000000000000000-0x000000003ffeffff]
[    0.000000] NODE_DATA(0) allocated [mem 0x3ffc5000-0x3ffeffff]
[    0.000000] kvm-clock: cpu 0, msr 0:3ff44001, primary cpu clock
[    0.000000] kvm-clock: Using msrs 4b564d01 and 4b564d00
[    0.000000] kvm-clock: using sched offset of 3772792335 cycles
[    0.000000] clocksource: kvm-clock: mask: 0xffffffffffffffff max_cycles: 0x1cd42e4dffb, max_idle_ns: 881590591483 ns
[    0.000000] Zone ranges:
[    0.000000]   DMA      [mem 0x0000000000001000-0x0000000000ffffff]
[    0.000000]   DMA32    [mem 0x0000000001000000-0x000000003ffeffff]
[    0.000000]   Normal   empty
[    0.000000]   Device   empty
[    0.000000] Movable zone start for each node
[    0.000000] Early memory node ranges
[    0.000000]   node   0: [mem 0x0000000000001000-0x000000000009efff]
[    0.000000]   node   0: [mem 0x0000000000100000-0x000000003ffeffff]
[    0.000000] Reserved but unavailable: 98 pages
[    0.000000] Initmem setup node 0 [mem 0x0000000000001000-0x000000003ffeffff]
[    0.000000] ACPI: PM-Timer IO Port: 0x4008
[    0.000000] IOAPIC[0]: apic_id 2, version 32, address 0xfec00000, GSI 0-23
[    0.000000] ACPI: INT_SRC_OVR (bus 0 bus_irq 0 global_irq 2 dfl dfl)
[    0.000000] ACPI: INT_SRC_OVR (bus 0 bus_irq 9 global_irq 9 low level)
[    0.000000] Using ACPI (MADT) for SMP configuration information
[    0.000000] smpboot: Allowing 2 CPUs, 0 hotplug CPUs
[    0.000000] PM: Registered nosave memory: [mem 0x00000000-0x00000fff]
[    0.000000] PM: Registereed nosave memory: [mem 0x0009f000-0x0009ffff]
[    0.000000] PM: Registered nosave memory: [mem 0x000a0000-0x000effff]
[    0.000000] PM: Registered nosave memory: [mem 0x000f0000-0x000fffff]
[    0.000000] e820: [mem 0x40000000-0xfebfffff] available for PCI devices
[    0.000000] Booting paravirtualized kernel on KVM
[    0.000000] clocksource: refined-jiffies: mask: 0fffffff max_cycles: 0xffffffff, max_idle_ns: 7645519600211568 ns
[    0.000000] random: get_random_bytes called from start_kernel+0x99/0x4fd with crng_init=0
[    0.000000] setup_percpu: NR_CPUS:8192 nr_cpumask_bits:2 nr_cpu_ids:2 nr_node_ids:1
[    0.000000] percpu: Embedded 45 pages/cpu s147456 r8192 d28672 u1048576
[    0.000000]V qsinck hshableenies: 26 rder 04096 bte
[    000000] Built 1 zonelists, mobility grupng o. otalpas: 279
[   0.0000] Policy zone: DMA32
[   0.000000] ernel omnd lneBOOT_IMAGE=/boot/vmlinuz-4.15.0-101generic root=UUID=80e728dc-c0e0-45d9-aba4-8e51d47f319 ro console=tty1 console=ttyS0
[    0.000000] Memory: 982532K/1048120K available (12300K kernel code, 2481K rwdata, 4268K rodata, 242K iit2712K bss, 65588K reserve, 0K cma-reserved)
  0.000000 SLUB: HWalign=64, Order=0-3, MinObjects=0, CPUs=2, Nodes=1
[    0.000000] Kernel/User page tbls isaton: enabled
[   0.0000 frace: allocting 3934 tries in 154 pages
   00000 Hierachal RU plemenatn.
  0.0000 	RC restricting CPUs fomNR_CPUS=8192 to nr_cpu_ids=2.
[    0.004000] 	Tasks RCU enabled.
[    0.004000] RCU: Adjusting geometry for rcu_fanout_leaf=16, nr_cpu_ids=2
[    0.004000] NR_IRQS: 524544, nr_irqs: 440, preallocated irqs: 16
[    0.004000] Console: colour VGA+ 80x25
[    0.004000] console [tty1] enabled
[    0.004000] console [ttyS0] enabled
[    0.004000] ACPI: Core revision 20170831
[    0.004000] ACPI: 2 ACPI AML tables successfully acquired and loaded
[    0.004000] APIC: Switch to symmetric I/O mode setup
[    0.004000] x2apic enabled
[    0.004000] Switched APIC routing to physical x2apic.
[    0.004000] ..TIMER: vector=0x30 apic1=0 pin1=2 apic2=-1 pin2=-1
[    0.004004] tsc: Detected 2208.000 MHz processor
[    0.005050] Calibrating delay loop (skipped) preset value.. 4416.00 BogoMIPS (lpj=8832000)
[    0.005870] pid_max: default: 32768 minimum: 301
[    0.008028] Security Framework initialized
[    0.008917] Yama: becoming mindful.
[    0.009684] AppArmor: AppArmor initialized
[    0.011898] Dentry cache hash table entries: 131072 (order: 8, 1048576 bytes)
[    0.012050] Inode-cache hash table entries: 65536 (order: 7, 524288 bytes)
[    0.016014] Mount-cache hash table entries: 2048 (order: 2, 16384 bytes)
[    0.017321] Mountpoint-cache hash table entries: 2048 (order: 2, 16384 bytes)
[    0.018811] Last level iTLB entries: 4KB 64, 2MB 8, 4MB 8
[    0.020002] Last level dTLB entries: 4KB 64, 2MB 0, 4MB 0, 1GB 4
[    0.021113] Spectre V1 : Mitigation: usercopy/swapgs barriers and __user pointer sanitization
[    0.022700] Spectre V2 : Mitigaion: Full generic retpoline
[    0.024004] Spectre V2 : Spectre v2 / SpectreRSB mitigation: Filling RSB on context switch
[    0.028005] Speculative Store Bypass: Vulnerable
[    0.028943] MDS: Vulnerable: Clear CPU buffers attempted, no microcode
[    0.030249] Freeing SMP alternatives memory: 36K
[    0.141340] smpboot: CPU0: Intel(R) Core(TM) i7-8750H CPU @ 2.20GHz (family: 0x6, model: 0x9e, stepping: 0xa)
[    0.144074] Performance Events: unsupported p6 CPU model 158 no PMU driver, software events only.
[    0.148037] Hierarchical SRCU implementation.
[    0.152491] NMI watchdog: Perf event create on CPU 0 failed with -2
[    0.156005] NMI watchdog: Perf NMI watchdog permanently disabled
[    0.160063] smp: Bringing up secondary CPUs ...
[    0.160963] x86: Booting SMP configuration:
[    0.161807] .... node  #0, CPUs:      #1
[    0.004000] kvm-clock: cpu 1, msr 0:3ff44041, secondary cpu clock
[    0.198120] smp: Brought up 1 node, 2 CPUs
[    0.200008] smpboot: Max logical packages: 1
[    0.204006] smpboot: Total of 2 processors activated (8832.00 BogoMIPS)
[    0.208122] devtmpfs: initialized
[    0.208698] x86/mm: Memory block size: 128MB
[    0.209629] evm: security.selinux
[    0.210276] evm: security.SMACK64
[    0.212003] evm: security.SMACK64EXEC
[    0.212721] evm: security.SMACK64TRANSMUTE
[    0.213499] evm: security.SMACK64MMAP
[    0.215813] evm: security.apparmor
[    0.216003] evm: security.ima
[    0.216595] evm: security.capability
[    0.217326] clocksource: jiffies: mask: 0xffffffff max_cycles: 0xffffffff, max_idle_ns: 7645041785100000 ns
[    0.217813] futex hash table entries: 512 (order: 3, 32768 bytes)
[    0.221319] pinctrl core: initialized pinctrl subsystem
[    0.222371] RTC time:  0:18:57, date: 06/11/20
[    0.224125] NET: Registered protocol family 16
[    0.228073] audit: initializing netlink subsys (disabled)
[    0.232045] audit: type=2000 audit(1591834738.242:1): state=initialized audit_enabled=0 res=1
[    0.232118] cpuidle: using governor ladder
[    0.232962] cpuidle: using governor menu
[    0.236039] ACPI: bus type PCI registered
[    0.236969] acpiphp: ACPI Hot Plug PCI Controller Driver version: 0.5
[    0.238459] PCI: Using configuration type 1 for base access
[    0.240720] HugeTLB registered 2.00 MiB page size, pre-allocated 0 pages
[    0.241450] ACPI: Added _OSI(Module Device)
[    0.241450] ACPI: Added _OSI(Processor Device)
[    0.244008] ACPI: Added _OSI(3.0 _SCP Extensions)
[    0.245010] ACPI: Added _OSI(Processor Aggregator Device)
[    0.246202] ACPI: Added _OSI(Linux-Dell-Video)
[    0.248003] ACPI: Added _OSI(Linux-Lenovo-NV-HDMI-Audio)
[    0.249167] ACPI: Added _OSI(Linux-HPI-Hybrid-Graphics)
[    0.250593] ACPI: Executed 1 blocks of module-level executable AML code
[    0.254510] ACPI: Interpreter enabled
[    0.255455] ACPI: (supports S0 S5)
[    0.256003] ACPI: Using IOAPIC for interrupt routing
[    0.257248] PCI: Using host bridge windows from ACPI; if necessary, use "pci=nocrs" and report a bug
[    0.259293] ACPI: Enabled 2 GPEs in block 00 to 07
[    0.268908] ACPI: PCI Root Bridge [PCI0] (domain 0000 [bus 00-ff])
[    0.270300] acpi PNP0A03:00: _OSC: OS supports [ASPM ClockPM Segments MSI]
[    0.272000] acpi PNP0A03:00: _OSC: not requesting OS control; OS requires [ExtendedConfig ASPM ClockPM MSI]
[    0.272012] acpi PNP0A03:00: fail to add MMCONFIG information, can't access extended PCI configuration space under this bridge.
[    0.276188] PCI host bridge to bus 0000:00
[    0.280008] pci_bus 0000:00: root bus resource [io  0x0000-0x0cf7 window]
[    0.284009] pci_bus 0000:00: root bus resource [io  0x0d00-0xffff window]
[    0.288008] pci_bus 0000:00: root bus resource [mem 0x000a0000-0x000bffff window]
[    0.289458] pci_bus 0000:00: root bus resource [mem 0x40000000-0xfdffffff window]
[    0.292003] pci_bus 0000:00: root bus resource [bus 00-ff]
[    0.295390] pci 0000:00:01.1: legacy IDE quirk: reg 0x10: [io  0x01f0-0x01f7]
[    0.296007] pci 0000:00:01.1: legacy IDE quirk: reg 0x14: [io  0x03f6]
[    0.300007] pci 0000:00:01.1: legacy IDE quirk: reg 0x18: [io  0x0170-0x0177]
[    0.304007] pci 0000:00:01.1: legacy IDE quirk: reg 0x1c: [io  0x0376]
[    0.319420] pci 0000:00:07.0: quirk: [io  0x4000-0x403f] claimed by PIIX4 ACPI
[    0.320027] pci 0000:00:07.0: quirk: [io  0x4100-0x410f] claimed by PIIX4 SMB
[    0.334152] ACPI: PCI Interrupt Link [LNKA] (IRQs 5 9 10 *11)
[    0.336073] ACPI: PCI Interrupt Link [LNKB] (IRQs 5 9 *10 11)
[    0.340144] ACPI: PCI Interrupt Link [LNKC] (IRQs 5 *9 10 11)
[    0.344145] ACPI: PCI Interrupt Link [LNKD] (IRQs 5 9 10 *11)
[    0.348355] SCSI subsystem initialized
[    0.352058] pci 0000:00:02.0: vgaarb: setting as boot VGA device
[    0.356000] pci 0000:00:02.0: vgaarb: VGA device added: decodes=io+mem,owns=io+mem,locks=none
[    0.356016] pci 0000:00:02.0: vgaarb: bridge control possible
[    0.357375] vgaarb: loaded
[    0.358121] ACPI: bus type USB registered
[    0.359205] usbcore: registered new interface driver usbfs
[    0.360022] usbcore: registered new interface driver hub
[    0.361363] usbcore: registered new device driver usb
[    0.362646] EDAC MC: Ver: 3.0.0
[    0.364283] PCI: Using ACPI for IRQ routing
[    0.365257] NetLabel: Initializing
[    0.366033] NetLabel:  domain hash size = 128
[    0.366977] NetLabel:  protocols = UNLABELED CIPSOv4 CALIPSO
[    0.368018] NetLabel:  unlabeled traffic allowed by default
[    0.369209] clocksource: Switched to clocksource kvm-clock
[    0.379889] VFS: Disk quotas dquot_6.6.0
[    0.381132] VFS: Dquot-cache hash table entries: 512 (order 0, 4096 bytes)
[    0.382752] AppArmor: AppArmor Filesystem Enabled
[    0.383707] pnp: PnP ACPI init
[    0.385374] pnp: PnP ACPI: found 3 devices
[  094649]clksource: acpi_pm: mask: 0xffffff max_cycles: 0xffffff, max_idle_ns: 2085701024 ns
[    0.566865]NE Risreproc fil2
[  0.05] P stlished hash tble entries: 8192 (de:  636yt)

[    1.429771] TCP bind hash table entries: 8192 (order: 5, 131072 bytes)
[    1.434694] TCP: Hash tables configured (established 8192 bind 8192)
[    1.436201] UDP hash table entries: 512 (order: 2, 16384 bytes)
[    1.437451] UDP-Lite hash table entries: 512 (order: 2, 16384 bytes)
[    1.438794] NET: Registered protocol family 1
[    1.49750] pci 0000:00:00.0: Limiting direct PCI/PCI transfers
[    1.462063] pci 0000:00:01.0: Activating ISA DMA hang workarounds
[    1.463660] pci 0000:00:02.0: Video device with shadowed ROM at [mem 0x000c0000-0x000dffff]
[    1.465788] Unpacking initramfs...

[    1.707874] Freeing initrd memory: 19736K
[    1.793245] clocksource: tsc: mask: 0xffffffffffffffff max_cycles: 0x1fd3b81b95f, max_idle_ns: 440795257325 ns
[    2.007091] platform rtc_cmos: registered platform RTC device (no PNP device found)
[    2.186441] Scanning for low memory corruption every 60 seconds
[    2.307024] Initialise system trusted keyrings
[    2.397675] Key type blacklist registered
[    2.474252] workingset: timestamp_bits=36 max_order=18 bucket_order=0
[    2.513454] zbud: loaded
[    2.517214] squashfs: version 4.0 (2009/01/31) Phillip Lougher
[    2.518740] fuse init (API version 7.26)
[    2.522158] Key type asymmetric registered
[    2.523065] Asymmetric key parser 'x509' registered
[    2.524160] Block layer SCSI generic (bsg) driver version 0.4 loaded (major 246)
[    2.529671] io scheduler noop registered
[    2.530570] io scheduler deadline registered
[    2.531551] io scheduler cfq registered (default)
[    2.533021] ACPI: AC Adapter [AC] (on-line)
[    2.534053] input: Power Button as /devices/LNXSYSTM:00/LNXPWRBN:00/input/input0
[    2.535713] ACPI: Power Button [PWRF]
[    2.536650] input: Sleep Button as /devices/LNXSYSTM:00/LNXSLPBN:00/input/input1
[    2.538260] ACPI: Sleep Button [SLPF]
[    2.540224] Serial: 8250/16550 driver, 32 ports, IRQ sharing enabled
[    2.540336] ACPI: Battery Slot [BAT0] (battery present)
[    2.566137] 00:02: ttyS0 at I/O 0x3f8 (irq = 4, base_baud = 115200) is a 16550A
[    2.769077] Linux agggart interface v0.103
[    2.922090] loop: module loaded
[    2.976007] scsi host0: ata_piix
[    2.993916] scsi host1: ata_piix
[    3.022828] ata1: PATA max UDMA/33 cmd 0x1f0 ctl 0x3f6 bmdma 0xd000 irq 14
[    3.174177] ata2: PATA max UDMA/33 cmd 0x170 ctl 0x376 bmdma 0xd008 irq 15
[    3.414717] libphy: Fixed MDIO Bus: probed
[    3.503904] tun: Universal TUN/TAP device driver, 1.6
[    3.504943] PPP generic driver version 2.4.2
[    3.505780] ehci_hcd: USB 2.0 'Enhanced' Host Controller (EHCI) Driver
[    3.506949] ehci-pci: EHCI PCI platform driver
[    3.507767] ehci-platform: EHCI generic platform driver
[    3.508815] ohci_hcd: USB 1.1 'Open' Host Controller (OHCI) Driver
[    3.592924] ohci-pci: OHCI PCI platform driver
[    3.597883] ohci-platform: OHCI generic platform driver
[    3.599100] uhci_hcd: USB Universal Host Controller Interface driver
[    3.601817] i8042: PNP: PS/2 Controller [PNP0303:PS2K,PNP0f03:PS2M] at 0x60,0x64 irq 1,12
[    3.604020] serio: i8042 KBD port at 0x60,0x64 irq 1
[    3.605197] serio: i8042 AUX port at 0x60,0x64 irq 12
[    3.606353] mousedev: PS/2 mouse device common for all mice
[    3.607755] input: AT Translated Set 2 keyboard as /devices/platform/i8042/serio0/input/input2
[    3.610138] rtc_cmos rtc_cmos: rtc core: registered rtc_cmos as rtc0
[    3.611498] rtc_cmos rtc_cmos: alarms up to one day, 114 bytes nvram
[    3.612856] i2c /dev entries driver
[    3.613689] device-mapper: uevent: version 1.0.3
[    3.614800] device-mapper: ioctl: 4.37.0-ioctl (2017-09-20) initialised: dm-devel@redhat.com
[    3.616591] ledtrig-cpu: registered to indicate activity on CPUs
[    3.618438] NET: Registered protocol family 10
[    3.622334] Segment Routing with IPv6
[    3.623175] NET: Registered protocol family 17
[    3.624238] Key type dns_resolver registered
[    3.625516] mce: Using 0 MCE banks
[    3.626371] RAS: Correctable Errors collector initialized.
[    3.627516] sched_clock: Marking stable (3625495874, 0)->(9348926286, -5723430412)
[    3.629765] registered taskstats version 1
[    3.630623] Loading compiled-in X.509 certificates
[    3.633576] Loaded X.509 cert 'Build time autogenerated kernel key: 81757e40860ca54b8a45e323b66799c03c91a344'
[    3.635406] zswap: loaded using pool lzo/zbud
[    3.639133] Key type big_key registered
[    3.709988] Key type trusted registered
[    3.779252] Key type encrypted registered
[    3.854986] AppArmor: AppArmor sha1 policy hashing enabled
[    3.977731] ima: No TPM chip found, activating TPM-bypass! (rc=-19)
[    4.014417] ima: Allocated hash algorithm: sha1
[    4.015317] evm: HMAC attrs: 0x1
[    4.016273]   Magic number: 8:94:304
[    4.017007] tty tty33: hash matches
[    4.017756] rtc_cmos rtc_cmos: setting system clock to 2020-06-11 00:19:02 UTC (1591834742)
[    4.019462] BIOS EDD facility v0.16 2004-Jun-25, 0 devices found
[    4.020597] EDD information not available.
[    4.105532] Freeing unused kernel image memory: 2432K
[    4.223560] Write protecting the kernel read-only data: 20480k
[    5.353955] Freeing unused kernel image memory: 2008K
[    6.329321] Freeing unused kernel image memory: 1876K
[    7.291960] x86/mm: Checked W+X mappings: passed, no W+X pages found.
[    8.482548] x86/mm: Checking user space page tables
[    9.381586] x86/mm: Checked W+X mappings: passed, no W+X pages found.
Loading, please wait...
starting version 237
[   10.548415] e1000: Intel(R) PRO/1000 Network Driver - version 7.3.21-k8-NAPI
[   10.641688] e1000: Copyright (c) 1999-2006 Intel Corporation.
[   10.648143] Fusion MPT base driver 3.04.20
[   10.817290] Copyright (c) 1999-2008 LSI Corporation
[   11.003117] Fusion MPT SPI Host driver 3.04.20
[   11.186355] AVX2 version of gcm_enc/dec engaged.
[   11.187555] AES CTR mode by8 optimization enabled
[   11.203380] input: ImExPS/2 Generic Explorer Mouse as /devices/platform/i8042/serio1/input/input4
[   11.869539] e1000 0000:00:03.0 eth0: (PCI:33MHz:32-bit) 02:1e:30:9c:a3:c0
[   12.044147] e1000 0000:00:03.0 eth0: Intel(R) PRO/1000 Network Connection
[   12.561225] e1000 0000:00:08.0 eth1: (PCI:33MHz:32-bit) 08:00:27:12:84:65
[   12.843609] e1000 0000:00:08.0 eth1: Intel(R) PRO/1000 Network Connection
[   12.935301] e1000 0000:00:03.0 enp0s3: renamed from eth0
[   13.024511] mptbase: ioc0: Initiating bringup
[   13.164777] e1000 0000:00:08.0 enp0s8: renamed from eth1
[   13.260172] ioc0: LSI53C1030 A0: Capabilities={Initiator}
[   13.577453] scsi host2: ioc0: LSI53C1030 A0, FwRev=00000000h, Ports=1, MaxQ=256, IRQ=20
[   13.745617] scsi 2:0:0:0: Direct-Access     VBOX     HARDDISK         1.0  PQ: 0 ANSI: 5
[   14.016444] scsi target2:0:0: Beginning Domain Validation
[   14.125669] scsi target2:0:0: Domain Validation skipping write tests
[   14.333771] scsi target2:0:0: Ending Domain Validation
[   14.403560] scsi target2:0:0: asynchronous
[   14.405301] scsi 2:0:1:0: Direct-Access     VBOX     HARDDISK         1.0  PQ: 0 ANSI: 5
[   14.436079] scsi target2:0:1: Beginning Domain Validation
[   14.438372] random: fast init done
[   14.439430] scsi target2:0:1: Domain Validation skipping write tests
[   14.440771] scsi target2:0:1: Ending Domain Validation
[   14.441810] scsi target2:0:1: asynchronous
[   14.446063] random: systemd-udevd: uninitialized urandom read (16 bytes read)
[   14.447390] random: systemd-udevd: uninitialized urandom read (16 bytes read)
[   14.463601] random: systemd-udevd: uninitialized urandom read (16 bytes read)
[   14.463897] sd 2:0:0:0: [sda] 20971520 512-byte logical blocks: (10.7 GB/10.0 GiB)
[   14.719503] sd 2:0:0:0: Attached scsi generic sg0 type 0
[   14.721134] sd 2:0:0:0: [sda] Write Protect is off
[   14.953620] sd 2:0:1:0: Attached scsi generic sg1 type 0
[   14.972539] sd 2:0:0:0: [sda] Incomplete mode parameter data
[   14.973608] sd 2:0:0:0: [sda] Assuming drive cache: write through
[   14.974818] sd 2:0:1:0: [sdb] 20480 512-byte logical blocks: (10.5 MB/10.0 MiB)
[   14.976820] sd 2:0:1:0: [sdb] Write Protect is off
[   14.978001] sd 2:0:1:0: [sdb] Incomplete mode parameter data
[   15.132672] sd 2:0:1:0: [sdb] Assuming drive cache: write through
[   15.139730]  sda: sda1
[   15.442395] sd 2:0:0:0: [sda] Attached SCSI disk
[   15.479463] sd 2:0:1:0: [sdb] Attached SCSI disk
Begin: Loading essential drivers ... [   16.877184] raid6: sse2x1   gen() 13828 MB/s
[   17.052014] raid6: sse2x1   xor()  9768 MB/s
[   17.328085] raid6: sse2x2   gen() 16693 MB/s
[   17.556230] raid6: sse2x2   xor() 11106 MB/s
[   17.704012] raid6: sse2x4   gen() 18872 MB/s
[   17.844061] raid6: sse2x4   xor() 11263 MB/s
[   18.120181] raid6: avx2x1   gen() 27787 MB/s
[   18.329659] raid6: avx2x1   xor() 19604 MB/s
[   18.580053] raid6: avx2x2   gen() 32246 MB/s
[   18.793014] raid6: avx2x2   xor() 22028 MB/s
[   19.120122] raid6: avx2x4   gen() 38042 MB/s
[   19.338822] raid6: avx2x4   xor() 24495 MB/s
[   19.543247] raid6: using algorithm avx2x4 gen() 38042 MB/s
[   19.809322] raid6: .... xor() 24495 MB/s, rmw enabled
[   19.820063] raid6: using avx2x2 recovery algorithm
[   19.822155] xor: automatically using best checksumming function   avx       
[   19.824458] async_tx: api initialized (async)
done.
Begin: Running /scripts/init-premount ... done.
Begin: Mounting root file system ... Begin: Running /scripts/local-top ... done.
Begin: Running /scripts/local-premount ... [   19.860621] Btrfs loaded, crc32c=crc32c-intel
Scanning for Btrfs filesystems
done.
Warning: fsck no[   19.970200] EXT4-fs (sda1): mounted filesystem with ordered data mode. Opts: (null)
t present, so skipping root file system
done.
Begin: Running /scripts/local-bottom ... done.
Begin: Running /scripts/init-bottom ... done.
[   20.332074] ip_tables: (C) 2000-2006 Netfilter Core Team
[   20.341440] systemd[1]: systemd 237 running in system mode. (+PAM +AUDIT +SELINUX +IMA +APPARMOR +SMACK +SYSVINIT +UTMP +LIBCRYPTSETUP +GCRYPT +GNUTLS +ACL +XZ +LZ4 +SECCOMP +BLKID +ELFUTILS +KMOD -IDN2 +IDN -PCRE2 default-hierarchy=hybrid)
[   21.889052] systemd[1]: Detected virtualization oracle.
[   21.976155] systemd[1]: Detected architecture x86-64.

Welcome to [1mUbuntu 18.04.2 LTS[0m!

[   21.983331] systemd[1]: Set hostname to <ubuntu-bionic>.
[   22.231502] systemd[1]: Reached target System Time Synchronized.
[[0;32m  OK  [0m] Reached target System Time Synchronized.
[   22.233595] systemd[1]: Reached target User and Group Name Lookups.
[[0;32m  OK  [0m] Reached target User and Group Name Lookups.
[   22.254326] systemd[1]: Reached target Swap.
[[0;32m  OK  [0m] Reached target Swap.
[   22.943787] systemd[1]: Set up automount Arbitrary Executable File Formats File System Automount Point.
[[0;32m  OK  [0m] Set up automount Arbitrary Executabâ€¦rmats File System Automount Point.
[   24.386736] systemd[1]: Created slice System Slice.
[[0;32m  OK  [0m] Created slice System Slice.
[   24.390931] systemd[1]: Listening on LVM2 poll daemon socket.
[[0;32m  OK  [0m] Listening on LVM2 poll daemon socket.
[[0;32m  OK  [0m] Listening on Network Service Netlink Socket.
[[0;32m  OK  [0m] Listening on LVM2 metadata daemon socket.
[[0;32m  OK  [0m] Listening on Syslog Socket.
[[0;32m  OK  [0m] Started Forward Password Requests to Wall Directory Watch.
[[0;32m  OK  [0m] Created slice system-serial\x2dgetty.slice.
[[0;32m  OK  [0m] Created slice User and Session Slice.
[[0;32m  OK  [0m] Reached target Slices.
[[0;32m  OK  [0m] Listening on Journal Socket.
         Mounting POSIX Message Queue File System...
         Mounting Huge Pages File System...
         Starting Create list of required stâ€¦ce nodes for the current kernel...
         Starting Set the console keyboard layout...
[[0;32m  OK  [0m] Listening on udev Kernel Socket.
[[0;32m  OK  [0m] Listening on /dev/initctl Compatibility Named Pipe.
         Mounting Kernel Debug File System...
[[0;32m  OK  [0m] Listening on Journal Audit Socket.
[[0;32m  OK  [0m] Listening on udev Control Socket.
         Starting udev Coldplug all Devices...
[[0;32m  OK  [0m] Listening on Device-mapper event daemon FIFOs.
         Starting Monitoring of LVM2 mirrorsâ€¦ng dmeventd or progress polling...
         Starting Remount Root a[   25.044169] EXT4-fs (sda1): re-mounted. Opts: (null)
nd Kernel File Systems...
         Startin[   25.199294] Loading iSCSI transport class v2.0-870.
g Load Kernel Modules...
[[0;32m  OK  [0m] Listening on Journal Socket (/dev/log).
         Starting Journal Service...
         [   25.230216] random: crng init done
[   25.230993] random: 7 urandom warning(s) missed due to ratelimiting
Starting Uncomplicated firewall...
[[0;32m  OK  [0m] Mounted POSIX Message Queue File System.
[[0;32m  OK  [0m] Mounted Huge Pages File System.
[[0;32m  OK  [0m] Started Create list of required staâ€¦vice nodes for the current kernel.[   25.241785] iscsi: registered transport (tcp)

[[0;32m  OK  [0m] Started Set the console keyboard layout.
[[0;32m  OK  [0m] Mounted Kernel Debug File System.
[[0;32m  OK  [0m] Started Remount Root and Kernel File Systems.
[[0;32m  OK  [0m] Started LVM2 metadata daemon.
         Starting Initial cloud-init job (pre-networking)...
         Starting Load/Save Random Seed...
         Starting Create [   25.288315] iscsi: registered transport (iser)
Static Device Nodes in /dev...
[   25.404379] systemd[1]: Started Journal Service.
[[0;32m  OK  [0m] Started Journal Service.
[[0;32m  OK  [0m] Started Monitoring of LVM2 mirrors,â€¦sing dmeventd or progress polling.
[[0;32m  OK  [0m] Started Load Kernel Modules.
[[0;32m  OK  [0m] Started Uncomplicated firewall.
[[0;32m  OK  [0m] Started udev Coldplug all Devices.
[[0;32m  OK  [0m] Started Load/Save Random Seed.
[[0;32m  OK  [0m] Started Create Static Device Nodes in /dev.
         Starting udev Kernel Device Manager...
         Starting Apply Kernel Variables...
         Mounting FUSE Control File System...
         Mounting Kernel Configuration File System...
[[0;32m  OK  [0m] Reached target Local File Systems (Pre).
[[0;32m  OK  [0m] Reached target Local File Systems.
         Starting AppArmor initialization...
         Starting Tell Plymouth To Write Out Runtime Data...
         Starting ebtables ruleset management...
         Starting Set console font and keymap...
         Starting Flush Journal to Persistent Storage...
[[0;32m  OK  [0m] Started udev Kernel Device Manager.
[[0;32m  OK  [0m] Started Apply Kernel Variables.
[[0;32m  OK  [0m] Mounted FUSE Control File System.
[[0;32m  OK  [0m] Mounted Kernel Configuration File System.
[[0;32m  OK  [0m] Started Tell Plymouth To Write Out Runtime Data.
[[0;32m  OK  [0m] Started Set console font and keymap.
[[0;32m  OK  [0m] Started Dispatch Password Requests to Console Directory Watch.
[[0;32m  OK  [0m] Reached target Local Encrypted Volumes.
[[0;32m  OK  [0m] Found device /dev/ttyS0.
[[0;32m  OK  [0m] Listening on Load/Save RF Kill Switch Status /dev/rfkill Watch.
[[0;32m  OK  [0m] Started ebtables ruleset management.
[[0;32m  OK  [0m] Started Flush Journal to Persistent Storage.
         Starting Create Volatile Files and Directories...
[[0;32m  OK  [0m] Started Create Volatile Files and Directories.
         Starting Update UTMP about System Boot/Shutdown...
[[0;32m  OK  [0m] Started Update UTMP about System Boot/Shutdown.
[[0;32m  OK  [0m] Started AppArmor initialization.
[   27.044967] cloud-init[429]: Cloud-init v. 18.5-45-g3554ffe8-0ubuntu1~18.04.1 running 'init-local' at Thu, 11 Jun 2020 00:19:25 +0000. Up 26.85 seconds.
[[0;32m  OK  [0m] Started Initial cloud-init job (pre-networking).
[[0;32m  OK  [0m] Reached target Network (Pre).
         Starting Network Service...
[[0;32m  OK  [0m] Started Network Service.
         Starting Wait for Network to be Configured...
         Starting Network Name Resolution...
[[0;32m  OK  [0m] Started Network Name Resolution.
[[0;32m  OK  [0m] Reached target Network.
[[0;32m  OK  [0m] Reached target Host and Network Name Lookups.
[[0;32m  OK  [0m] Started Wait for Network to be Configured.
         Starting Initial cloud-init job (metadata service crawler)...
[   29.303451] cloud-init[756]: Cloud-init v. 18.5-45-g3554ffe8-0ubuntu1~18.04.1 running 'init' at Thu, 11 Jun 2020 00:19:27 +0000. Up 29.19 seconds.
[   29.396304] cloud-init[756]: ci-info: ++++++++++++++++++++++++++++++++++++++Net device info+++++++++++++++++++++++++++++++++++++++
[   29.464713] cloud-init[756]: ci-info: +--------+------+-----------------------------+---------------+--------+-------------------+
[   29.475719] cloud-init[756]: ci-info: | Device |  Up  |           Address           |      Mask     | Scope  |     Hw-Address    |
[   29.478267] cloud-init[756]: ci-info: +--------+------+-----------------------------+---------------+--------+-------------------+
[   29.544574] cloud-init[756]: ci-info: | enp0s3 | True |          10.0.2.15          | 255.255.255.0 | global | 02:1e:30:9c:a3:c0 |
[   29.544807] cloud-init[756]: ci-info: | enp0s3 | True |  fe80::1e:30ff:fe9c:a3c0/64 |       .       |  link  | 02:1e:30:9c:a3:c0 |
[[0;32m  OK  [0m] Started Initial cloud-init job (metadata service crawler).
[   29.545677] cloud-init[756]: ci-info: | enp0s8 | True |        192.168.33.10        | 255.255.255.0 | global | 08:00:27:12:84:65 |
[   29.588197] cloud-init[756]: ci-info: | enp0s8 | True | fe80::a00:27ff:fe12:8465/64 |       .       |  link  | 08:00:27:12:84:65 |
[[   29.590872] cloud-init[756]: ci-info: |   lo   | True |          127.0.0.1          |   255.0.0.0   |  host  |         .         |
[   29.591146] cloud-init[756]: ci-info: |   lo   | True |           ::1/128           |       .       |  host  |         .         |
[   29.591734] cloud-init[756]: ci-info: +--------+------+-----------------------------+---------------+--------+-------------------+
[   29.591993] cloud-init[756]: ci-info: +++++++++++++++++++++++++++++Route IPv4 info+++++++++++++++++++++++++++++
[   29.592639] cloud-init[756]: ci-info: +-------+--------------+----------+-----------------+-----------+-------+
[   29.592927] cloud-init[756]: ci-info: | Route | Destination  | Gateway  |     Genmask     | Interface | Flags |
[   29.593201] cloud-init[756]: ci-info: +-------+--------------+----------+-----------------+-----------+-------+
[   29.593468] cloud-init[756]: ci-info: |   0   |   0.0.0.0    | 10.0.2.2 |     0.0.0.0     |   enp0s3  |   UG  |
[   29.593753] cloud-init[756]: ci-info: |   1   |   10.0.2.0   | 0.0.0.0  |  255.255.255.0  |   enp0s3  |   U   |
[   29.594039] cloud-init[756]: ci-info: |   2   |   10.0.2.2   | 0.0.0.0  | 255.255.255.255 |   enp0s3  |   UH  |
[   29.594366] cloud-init[756]: ci-info: |   3   | 192.168.33.0 | 0.0.0.0  |  255.255.255.0  |   enp0s8  |   U   |
[   29.594660] cloud-init[756]: ci-info: +-------+--------------+----------+-----------------+-----------+-------+
[   29.595007] cloud-init[756]: ci-info: +++++++++++++++++++Route IPv6 info+++++++++++++++++++
[   29.595409] cloud-init[756]: ci-info: +-------+-------------+---------+-----------+-------+
[   29.595721] cloud-init[756]: ci-info: | Route | Destination | Gateway | Interface | Flags |
[   29.596634] cloud-init[756]: ci-info: +-------+-------------+---------+-----------+-------+
[   29.596939] cloud-init[756]: ci-info: |   1   |  fe80::/64  |    ::   |   enp0s3  |   U   |
[   29.597276] cloud-init[756]: ci-info: |   2   |  fe80::/64  |    ::   |   enp0s8  |   U   |
[   29.597578] cloud-init[756]: ci-info: |   4   |    local    |    ::   |   enp0s3  |   U   |
[   29.597904] cloud-init[756]: ci-info: |   5   |    local    |    ::   |   enp0s8  |   U   |
[   29.598197] cloud-init[756]: ci-info: |   6   |   ff00::/8  |    ::   |   enp0s3  |   U   |
[   29.598490] cloud-init[756]: ci-info: |   7   |   ff00::/8  |    ::   |   enp0s8  |   U   |
[   29.598829] cloud-init[756]: ci-info: +-------+-------------+---------+-----------+-------+
[0;32m  OK  [0m] Reached target Cloud-config availability.
[[0;32m  OK  [0m] Reached target Network is Online.
[[0;32m  OK  [0m] Reached target Remote File Systems (Pre).
[[0;32m  OK  [0m] Reached target Remote File Systems.
         Starting Availability of block devices...
[[0;32m  OK  [0m] Reached target System Initialization.
[[0;32m  OK  [0m] Started Daily Cleanup of Temporary Directories.
[[0;32m  OK  [0m] Started ACPI Events Check.
         Starting Socket activation for snappy daemon.
[[0;32m  OK  [0m] Reached target Paths.
[[0;32m  OK  [0m] Started Discard unused blocks once a week.
         Starting LXD - unix socket.
[[0;32m  OK  [0m] Started Message of the Day.
[[0;32m  OK  [0m] Listening on ACPID Listen Socket.
[[0;32m  OK  [0m] Listening on D-Bus System Message Bus Socket.
[[0;32m  OK  [0m] Listening on UUID daemon activation socket.
[[0;32m  OK  [0m] Listening on Open-iSCSI iscsid Socket.
[[0;32m  OK  [0m] Started Daily apt download activities.
[[0;32m  OK  [0m] Started Daily apt upgrade and clean activities.
[[0;32m  OK  [0m] Reached target Timers.
[[0;32m  OK  [0m] Started Availability of block devices.
[[0;32m  OK  [0m] Listening on Socket activation for snappy daemon.
[[0;32m  OK  [0m] Listening on LXD - unix socket.
[[0;32m  OK  [0m] Reached target Sockets.
[[0;32m  OK  [0m] Reached target Basic System.
[[0;32m  OK  [0m] Started FUSE filesystem for LXC.
[[0;32m  OK  [0m] Started irqbalance daemon.
         Starting LSB: automatic crash report generation...
         Starting LSB: Record successful boot for GRUB...
         Starting Accounts Service...
         Starting vboxadd.service...
         Starting LXD - container startup/shutdown...
         Starting Login Service...
[[0;32m  OK  [0m] Started D-Bus System Message Bus.
         Starting System Logging Service...
         Starting OpenBSD Secure Shell server...
[[0;32m  OK  [0m] Started Deferred execution scheduler.
         Starting Dispatcher daemon for systemd-networkd...
[[0;32m  OK  [0m] Started Regular background program processing daemon.
         Starting Snappy daemon...
         Starting Permit User Sessions...
[[0;32m  OK  [0m] Started System Logging Service.
[[0;32m  OK  [0m] Started vboxadd.service.
[[0;32m  OK  [0m] Started LXD - container startup/shutdown.
[[0;32m  OK  [0m] Started Permit User Sessions.
[[0;32m  OK  [0m] Started OpenBSD Secure Shell server.
[[0;32m  OK  [0m] Started Login Service.
[[0;32m  OK  [0m] Started Unattended Upgrades Shutdown.
         Starting Authorization Manager...
         Starting Terminate Plymouth Boot Screen...
         Starting Hold until boot process finishes up...
         Starting vboxadd-service.service...
[[0;32m  OK  [0m] Started Dispatcher daemon for systemd-networkd.
[[0;32m  OK  [0m] Started Snappy daemon.
[[0;32m  OK  [0m] Started LSB: automatic crash report generation.
[[0;32m  OK  [0m] Started LSB: Record successful boot for GRUB.
[[0;32m  OK  [0m] Started Terminate Plymouth Boot Screen.
[[0;32m  OK  [0m] Started Hold until boot process finishes up.
[[0;32m  OK  [0m] Started vboxadd-service.service.
[[0;32m  OK  [0m] Started Authorization Manager.
[[0;32m  OK  [0m] Started Accounts Service.
         Starting Set console scheme...
[[0;32m  OK  [0m] Started Serial Getty on ttyS0.
         Starting Wait until snapd is fully seeded...
[[0;32m  OK  [0m] Started Set console scheme.
[[0;32m  OK  [0m] Started Wait until snapd is fully seeded.
         Starting Apply the settings specified in cloud-config...
[[0;32m  OK  [0m] Created slice system-getty.slice.
[[0;32m  OK  [0m] Started Getty on tty1.
[[0;32m  OK  [0m] Reached target Login Prompts.
[[0;32m  OK  [0m] Reached target Multi-User System.
[[0;32m  OK  [0m] Reached target Graphical Interface.
         Starting Update UTMP about System Runlevel Changes...
[[0;32m  OK  [0m] Started Apply the settings specified in cloud-config.
[   31.577833] cloud-init[1323]: Cloud-init v. 18.5-45-g3554ffe8-0ubuntu1~18.04.1 running 'modules:config' at Thu, 11 Jun 2020 00:19:29 +0000. Up 31.48 seconds.
         Starting Execute cloud user/final scripts...
[[0;32m  OK  [0m] Started Update UTMP about System Runlevel Changes.
[   32.024561] cloud-init[1367]: Cloud-init v. 18.5-45-g3554ffe8-0ubuntu1~18.04.1 running 'modules:final' at Thu, 11 Jun 2020 00:19:30 +0000. Up 31.94 seconds.
[[0;32m  OK  [0m] Started Execute cloud user/final scripts.
[   32.113120] cloud-init[1367]: Cloud-init v. 18.5-45-g3554ffe8-0ubuntu1~18.04.1 finished at Thu, 11 Jun 2020 00:19:30 +0000. Datasource DataSourceNoCloud [seed=/dev/sdb][dsmode=net].  Up 32.01 seconds
         Starting Daily apt download activities...
[[0;32m  OK  [0m] Reached target Cloud-init target.

Ubuntu 18.04.2 LTS ubuntu-bionic ttyS0

ubuntu-bionic login: 